// Jest Snapshot v1, https://goo.gl/fbAQLP

exports[`<GridTwoColumns/> should match snapshot 1`] = `
.c5 {
  color: #fff;
  font-size: 4.0rem;
  text-transform: none;
}

.c2 {
  display: grid;
  grid-template-columns: 1fr 2fr;
  -webkit-align-items: center;
  -webkit-box-align: center;
  -ms-flex-align: center;
  align-items: center;
  gap: 3.2rem;
}

.c2 .c4 {
  margin-bottom: 4.0rem;
}

.c7 {
  width: 100%;
}

.c0 {
  background-color: #fff;
  color: #0A1128;
  background: #0A1128;
  color: #fff;
  min-height: 100vh;
  display: -webkit-box;
  display: -webkit-flex;
  display: -ms-flexbox;
  display: flex;
  -webkit-align-items: center;
  -webkit-box-align: center;
  -ms-flex-align: center;
  align-items: center;
}

.c1 {
  width: 100%;
  margin: 0 auto;
  padding: 3.2rem;
}

.c6 {
  font-size: 2.4rem;
}

@media (max-width:768px) {
  .c2 {
    grid-template-columns: 1fr;
    text-align: center;
  }
}

@media (max-width:768px) {
  .c3 {
    margin-bottom: 3.2rem;
  }
}

<div>
  <section
    class="c0"
  >
    <section
      class="c1"
    >
      <div
        class="c2"
      >
        <div
          class="c3"
        >
          <h2
            class="c4 c5"
          >
            Grid Two Columns
          </h2>
          <div
            class="c6"
          >
            Lorem ipsum dolor sit amet, consectetur adipiscing elit. Vestibulum eu arcu justo. Donec vel volutpat quam. Phasellus congue nec ligula eget consequat. Aliquam faucibus eu massa non feugiat. Vestibulum sollicitudin dictum volutpat. Quisque faucibus in ex id sagittis. Nullam aliquet dolor sapien, in tristique turpis luctus sit amet. Ut nunc urna, sodales ut faucibus ac, egestas ut dolor. Cras sagittis maximus rhoncus. Duis sed tortor sem.
          </div>
        </div>
        <div
          class=""
        >
          <img
            alt="Grid Two Columns"
            class="c7"
            src="assets/images/javascript.svg"
          />
        </div>
      </div>
    </section>
  </section>
</div>
`;
